../Core/Src/main.c:224:5:main	16	static
../Core/Src/main.c:315:6:SystemClock_Config	88	static
../Core/Src/main.c:368:13:MX_ADC1_Init	24	static
../Core/Src/main.c:420:13:MX_CRC_Init	8	static
../Core/Src/main.c:446:13:MX_DAC_Init	16	static
../Core/Src/main.c:486:13:MX_DMA2D_Init	8	static
../Core/Src/main.c:523:13:MX_I2C3_Init	8	static
../Core/Src/main.c:571:13:MX_LTDC_Init	64	static
../Core/Src/main.c:633:13:MX_SPI5_Init	8	static
../Core/Src/main.c:671:13:MX_TIM1_Init	32	static
../Core/Src/main.c:717:13:MX_TIM2_Init	32	static
../Core/Src/main.c:762:13:MX_TIM4_Init	32	static
../Core/Src/main.c:807:13:MX_USART1_UART_Init	8	static
../Core/Src/main.c:838:13:MX_DMA_Init	16	static
../Core/Src/main.c:856:13:MX_FMC_Init	40	static
../Core/Src/main.c:907:13:MX_GPIO_Init	64	static
../Core/Src/main.c:988:6:HAL_ADC_ConvCpltCallback	24	static
../Core/Src/main.c:997:6:DoFFT	32	static
../Core/Src/main.c:1011:6:FIR_int	16	static
../Core/Src/main.c:1022:6:DoFIR	16	static
../Core/Src/main.c:1063:6:Display	96	static
../Core/Src/main.c:1267:6:HAL_TIM_PeriodElapsedCallback	16	static
../Core/Src/main.c:1284:6:Error_Handler	4	static,ignoring_inline_asm
