../Core/Src/stm32f4xx_hal_msp.c:66:6:HAL_MspInit	16	static
../Core/Src/stm32f4xx_hal_msp.c:88:6:HAL_ADC_MspInit	48	static
../Core/Src/stm32f4xx_hal_msp.c:140:6:HAL_ADC_MspDeInit	16	static
../Core/Src/stm32f4xx_hal_msp.c:170:6:HAL_CRC_MspInit	24	static
../Core/Src/stm32f4xx_hal_msp.c:192:6:HAL_CRC_MspDeInit	16	static
../Core/Src/stm32f4xx_hal_msp.c:214:6:HAL_DAC_MspInit	48	static
../Core/Src/stm32f4xx_hal_msp.c:269:6:HAL_DAC_MspDeInit	16	static
../Core/Src/stm32f4xx_hal_msp.c:302:6:HAL_DMA2D_MspInit	24	static
../Core/Src/stm32f4xx_hal_msp.c:327:6:HAL_DMA2D_MspDeInit	16	static
../Core/Src/stm32f4xx_hal_msp.c:352:6:HAL_I2C_MspInit	48	static
../Core/Src/stm32f4xx_hal_msp.c:396:6:HAL_I2C_MspDeInit	16	static
../Core/Src/stm32f4xx_hal_msp.c:427:6:HAL_LTDC_MspInit	112	static
../Core/Src/stm32f4xx_hal_msp.c:556:6:HAL_LTDC_MspDeInit	16	static
../Core/Src/stm32f4xx_hal_msp.c:621:6:HAL_SPI_MspInit	48	static
../Core/Src/stm32f4xx_hal_msp.c:658:6:HAL_SPI_MspDeInit	16	static
../Core/Src/stm32f4xx_hal_msp.c:688:6:HAL_TIM_Base_MspInit	32	static
../Core/Src/stm32f4xx_hal_msp.c:732:6:HAL_TIM_Base_MspDeInit	16	static
../Core/Src/stm32f4xx_hal_msp.c:776:6:HAL_UART_MspInit	48	static
../Core/Src/stm32f4xx_hal_msp.c:812:6:HAL_UART_MspDeInit	16	static
../Core/Src/stm32f4xx_hal_msp.c:837:13:HAL_FMC_MspInit	32	static
../Core/Src/stm32f4xx_hal_msp.c:943:6:HAL_SDRAM_MspInit	16	static
../Core/Src/stm32f4xx_hal_msp.c:955:13:HAL_FMC_MspDeInit	8	static
../Core/Src/stm32f4xx_hal_msp.c:1029:6:HAL_SDRAM_MspDeInit	16	static
