../Core/Src/stm32f4xx_it.c:76:6:NMI_Handler	4	static
../Core/Src/stm32f4xx_it.c:91:6:HardFault_Handler	4	static
../Core/Src/stm32f4xx_it.c:106:6:MemManage_Handler	4	static
../Core/Src/stm32f4xx_it.c:121:6:BusFault_Handler	4	static
../Core/Src/stm32f4xx_it.c:136:6:UsageFault_Handler	4	static
../Core/Src/stm32f4xx_it.c:151:6:SVC_Handler	4	static
../Core/Src/stm32f4xx_it.c:164:6:DebugMon_Handler	4	static
../Core/Src/stm32f4xx_it.c:177:6:PendSV_Handler	4	static
../Core/Src/stm32f4xx_it.c:190:6:SysTick_Handler	4	static
../Core/Src/stm32f4xx_it.c:211:6:DMA1_Stream6_IRQHandler	8	static
../Core/Src/stm32f4xx_it.c:225:6:TIM6_DAC_IRQHandler	8	static
../Core/Src/stm32f4xx_it.c:242:6:DMA2_Stream0_IRQHandler	8	static
../Core/Src/stm32f4xx_it.c:256:6:OTG_HS_IRQHandler	8	static
../Core/Src/stm32f4xx_it.c:270:6:LTDC_IRQHandler	8	static
../Core/Src/stm32f4xx_it.c:284:6:LTDC_ER_IRQHandler	8	static
../Core/Src/stm32f4xx_it.c:298:6:DMA2D_IRQHandler	8	static
