../Core/Src/main.c:153:5:main	96	static
../Core/Src/main.c:342:6:SystemClock_Config	88	static
../Core/Src/main.c:395:13:MX_ADC1_Init	24	static
../Core/Src/main.c:447:13:MX_CRC_Init	8	static
../Core/Src/main.c:473:13:MX_DMA2D_Init	8	static
../Core/Src/main.c:510:13:MX_I2C3_Init	8	static
../Core/Src/main.c:558:13:MX_LTDC_Init	64	static
../Core/Src/main.c:620:13:MX_SPI5_Init	8	static
../Core/Src/main.c:658:13:MX_TIM1_Init	32	static
../Core/Src/main.c:704:13:MX_TIM2_Init	64	static
../Core/Src/main.c:763:13:MX_USART1_UART_Init	8	static
../Core/Src/main.c:794:13:MX_DMA_Init	16	static
../Core/Src/main.c:808:13:MX_FMC_Init	40	static
../Core/Src/main.c:859:13:MX_GPIO_Init	64	static
../Core/Src/main.c:940:6:HAL_ADC_ConvCpltCallback	16	static
../Core/Src/main.c:958:6:HAL_TIM_PeriodElapsedCallback	16	static
../Core/Src/main.c:975:6:Error_Handler	4	static,ignoring_inline_asm
