../Core/Src/stm32f4xx_hal_msp.c:66:6:HAL_MspInit	16	static
../Core/Src/stm32f4xx_hal_msp.c:88:6:HAL_ADC_MspInit	48	static
../Core/Src/stm32f4xx_hal_msp.c:140:6:HAL_ADC_MspDeInit	16	static
../Core/Src/stm32f4xx_hal_msp.c:170:6:HAL_CRC_MspInit	24	static
../Core/Src/stm32f4xx_hal_msp.c:192:6:HAL_CRC_MspDeInit	16	static
../Core/Src/stm32f4xx_hal_msp.c:214:6:HAL_DMA2D_MspInit	24	static
../Core/Src/stm32f4xx_hal_msp.c:239:6:HAL_DMA2D_MspDeInit	16	static
../Core/Src/stm32f4xx_hal_msp.c:264:6:HAL_I2C_MspInit	48	static
../Core/Src/stm32f4xx_hal_msp.c:308:6:HAL_I2C_MspDeInit	16	static
../Core/Src/stm32f4xx_hal_msp.c:339:6:HAL_LTDC_MspInit	112	static
../Core/Src/stm32f4xx_hal_msp.c:468:6:HAL_LTDC_MspDeInit	16	static
../Core/Src/stm32f4xx_hal_msp.c:533:6:HAL_SPI_MspInit	48	static
../Core/Src/stm32f4xx_hal_msp.c:570:6:HAL_SPI_MspDeInit	16	static
../Core/Src/stm32f4xx_hal_msp.c:600:6:HAL_TIM_Base_MspInit	24	static
../Core/Src/stm32f4xx_hal_msp.c:627:6:HAL_TIM_MspPostInit	40	static
../Core/Src/stm32f4xx_hal_msp.c:659:6:HAL_TIM_Base_MspDeInit	16	static
../Core/Src/stm32f4xx_hal_msp.c:692:6:HAL_UART_MspInit	48	static
../Core/Src/stm32f4xx_hal_msp.c:728:6:HAL_UART_MspDeInit	16	static
../Core/Src/stm32f4xx_hal_msp.c:753:13:HAL_FMC_MspInit	32	static
../Core/Src/stm32f4xx_hal_msp.c:859:6:HAL_SDRAM_MspInit	16	static
../Core/Src/stm32f4xx_hal_msp.c:871:13:HAL_FMC_MspDeInit	8	static
../Core/Src/stm32f4xx_hal_msp.c:945:6:HAL_SDRAM_MspDeInit	16	static
